../Core/Src/main.c:59:6:turnLeft	8	static
../Core/Src/main.c:70:6:turnRight	8	static
../Core/Src/main.c:81:6:goForward	8	static
../Core/Src/main.c:92:6:goBackward	8	static
../Core/Src/main.c:103:6:stop	8	static
../Core/Src/main.c:114:6:shouldGoLeft	8	static
../Core/Src/main.c:119:6:shouldGoRight	8	static
../Core/Src/main.c:124:6:shouldGoForward	8	static
../Core/Src/main.c:129:6:shouldGoBackward	8	static
../Core/Src/main.c:140:5:main	8	static
../Core/Src/main.c:223:6:SystemClock_Config	72	static
../Core/Src/main.c:259:13:MX_TIM1_Init	80	static
../Core/Src/main.c:327:13:MX_GPIO_Init	40	static
../Core/Src/main.c:378:6:Error_Handler	4	static,ignoring_inline_asm
