../Core/Src/main.c:73:6:setSpeed	16	static
../Core/Src/main.c:79:6:setDirections	24	static
../Core/Src/main.c:87:6:resetDirection	8	static
../Core/Src/main.c:95:6:toggleTurnLeft	8	static
../Core/Src/main.c:127:6:toggleTurnRight	8	static
../Core/Src/main.c:159:6:toggleGoForward	8	static
../Core/Src/main.c:189:6:toggleGoBackward	8	static
../Core/Src/main.c:219:6:stop	8	static
../Core/Src/main.c:230:7:read_distance_cm	40	static
../Core/Src/main.c:294:6:shouldGoLeft	8	static
../Core/Src/main.c:299:6:shouldGoRight	8	static
../Core/Src/main.c:304:6:shouldGoForward	8	static
../Core/Src/main.c:309:6:shouldGoBackward	8	static
../Core/Src/main.c:314:6:displayWriteMode	40	static
../Core/Src/main.c:330:6:displayWriteDir	56	static
../Core/Src/main.c:359:6:displayWriteDistance	56	static
../Core/Src/main.c:377:5:main	32	static
../Core/Src/main.c:531:6:SystemClock_Config	72	static
../Core/Src/main.c:567:13:MX_I2C1_Init	8	static
../Core/Src/main.c:600:13:MX_TIM1_Init	80	static
../Core/Src/main.c:668:13:MX_GPIO_Init	40	static
../Core/Src/main.c:742:6:Error_Handler	4	static,ignoring_inline_asm
